// Jest Snapshot v1, https://goo.gl/fbAQLP

exports[`concurrent 1`] = `"node node_modules/concurrently/src/main.js --kill-others-on-fail --prefix-colors \\"bgBlue.bold,bgWhite.black.dim\\" --prefix \\"[{name}]\\" --names \\"test,lint\\" 'echo test' 'echo lint'"`;

exports[`concurrent.nps 1`] = `"node node_modules/concurrently/src/main.js --kill-others-on-fail --prefix-colors \\"bgMagenta.bold,bgBlack.bold,bgCyan.bold,bgGreen.dim\\" --prefix \\"[{name}]\\" --names \\"test,lint,build.app,validate\\" 'nps test' 'nps lint' 'nps \\"build.app --silent\\"' 'nps validate'"`;

exports[`runInNewWindow 1`] = `"osascript -e 'tell application \\"Terminal\\"' -e 'tell application \\"System Events\\" to keystroke \\"t\\" using {command down}' -e 'do script \\"cd <projectRootDir> && echo hi\\" in front window' -e 'end tell'"`;

exports[`runInNewWindow.nps as windows 1`] = `"start cmd /k \\"cd <projectRootDir> && node node_modules/.bin/nps \\\\\\"initiate database\\\\\\"\\""`;

exports[`series 1`] = `"echo hey && echo hi && echo there"`;

exports[`series.nps 1`] = `"nps test && nps lint.src && nps \\"lint.scripts --cache\\" && nps \\"build --fast\\""`;
